Archive member included to satisfy reference by file (symbol)

c:/program files (x86)/gnu tools arm embedded/5.4 2016q3/bin/../lib/gcc/arm-none-eabi/5.4.1/../../../../arm-none-eabi/lib/armv6-m\libc_nano.a(lib_a-exit.o)
                              c:/program files (x86)/gnu tools arm embedded/5.4 2016q3/bin/../lib/gcc/arm-none-eabi/5.4.1/../../../../arm-none-eabi/lib/armv6-m/crt0.o (exit)
c:/program files (x86)/gnu tools arm embedded/5.4 2016q3/bin/../lib/gcc/arm-none-eabi/5.4.1/../../../../arm-none-eabi/lib/armv6-m\libc_nano.a(lib_a-impure.o)
                              c:/program files (x86)/gnu tools arm embedded/5.4 2016q3/bin/../lib/gcc/arm-none-eabi/5.4.1/../../../../arm-none-eabi/lib/armv6-m\libc_nano.a(lib_a-exit.o) (_global_impure_ptr)
c:/program files (x86)/gnu tools arm embedded/5.4 2016q3/bin/../lib/gcc/arm-none-eabi/5.4.1/../../../../arm-none-eabi/lib/armv6-m\libc_nano.a(lib_a-init.o)
                              c:/program files (x86)/gnu tools arm embedded/5.4 2016q3/bin/../lib/gcc/arm-none-eabi/5.4.1/../../../../arm-none-eabi/lib/armv6-m/crt0.o (__libc_init_array)
c:/program files (x86)/gnu tools arm embedded/5.4 2016q3/bin/../lib/gcc/arm-none-eabi/5.4.1/../../../../arm-none-eabi/lib/armv6-m\libc_nano.a(lib_a-memcpy-stub.o)
                              build/stm32f0xx_hal_rcc.o (memcpy)
c:/program files (x86)/gnu tools arm embedded/5.4 2016q3/bin/../lib/gcc/arm-none-eabi/5.4.1/../../../../arm-none-eabi/lib/armv6-m\libc_nano.a(lib_a-memset.o)
                              c:/program files (x86)/gnu tools arm embedded/5.4 2016q3/bin/../lib/gcc/arm-none-eabi/5.4.1/../../../../arm-none-eabi/lib/armv6-m/crt0.o (memset)
c:/program files (x86)/gnu tools arm embedded/5.4 2016q3/bin/../lib/gcc/arm-none-eabi/5.4.1/../../../../arm-none-eabi/lib/armv6-m\libnosys.a(_exit.o)
                              c:/program files (x86)/gnu tools arm embedded/5.4 2016q3/bin/../lib/gcc/arm-none-eabi/5.4.1/../../../../arm-none-eabi/lib/armv6-m\libc_nano.a(lib_a-exit.o) (_exit)
c:/program files (x86)/gnu tools arm embedded/5.4 2016q3/bin/../lib/gcc/arm-none-eabi/5.4.1/armv6-m\libgcc.a(_udivsi3.o)
                              build/stm32f0xx_hal_rcc.o (__aeabi_uidiv)
c:/program files (x86)/gnu tools arm embedded/5.4 2016q3/bin/../lib/gcc/arm-none-eabi/5.4.1/armv6-m\libgcc.a(_dvmd_tls.o)
                              c:/program files (x86)/gnu tools arm embedded/5.4 2016q3/bin/../lib/gcc/arm-none-eabi/5.4.1/armv6-m\libgcc.a(_udivsi3.o) (__aeabi_idiv0)
c:/program files (x86)/gnu tools arm embedded/5.4 2016q3/bin/../lib/gcc/arm-none-eabi/5.4.1/armv6-m\libgcc.a(_arm_cmpdf2.o)
                              build/bh1730.o (__aeabi_dcmplt)
c:/program files (x86)/gnu tools arm embedded/5.4 2016q3/bin/../lib/gcc/arm-none-eabi/5.4.1/armv6-m\libgcc.a(_fixunsdfsi.o)
                              build/bh1730.o (__aeabi_d2uiz)
c:/program files (x86)/gnu tools arm embedded/5.4 2016q3/bin/../lib/gcc/arm-none-eabi/5.4.1/armv6-m\libgcc.a(divdf3.o)
                              build/bh1730.o (__aeabi_ddiv)
c:/program files (x86)/gnu tools arm embedded/5.4 2016q3/bin/../lib/gcc/arm-none-eabi/5.4.1/armv6-m\libgcc.a(eqdf2.o)
                              c:/program files (x86)/gnu tools arm embedded/5.4 2016q3/bin/../lib/gcc/arm-none-eabi/5.4.1/armv6-m\libgcc.a(_arm_cmpdf2.o) (__eqdf2)
c:/program files (x86)/gnu tools arm embedded/5.4 2016q3/bin/../lib/gcc/arm-none-eabi/5.4.1/armv6-m\libgcc.a(gedf2.o)
                              c:/program files (x86)/gnu tools arm embedded/5.4 2016q3/bin/../lib/gcc/arm-none-eabi/5.4.1/armv6-m\libgcc.a(_arm_cmpdf2.o) (__gedf2)
c:/program files (x86)/gnu tools arm embedded/5.4 2016q3/bin/../lib/gcc/arm-none-eabi/5.4.1/armv6-m\libgcc.a(ledf2.o)
                              c:/program files (x86)/gnu tools arm embedded/5.4 2016q3/bin/../lib/gcc/arm-none-eabi/5.4.1/armv6-m\libgcc.a(_arm_cmpdf2.o) (__ledf2)
c:/program files (x86)/gnu tools arm embedded/5.4 2016q3/bin/../lib/gcc/arm-none-eabi/5.4.1/armv6-m\libgcc.a(muldf3.o)
                              build/bh1730.o (__aeabi_dmul)
c:/program files (x86)/gnu tools arm embedded/5.4 2016q3/bin/../lib/gcc/arm-none-eabi/5.4.1/armv6-m\libgcc.a(subdf3.o)
                              build/bh1730.o (__aeabi_dsub)
c:/program files (x86)/gnu tools arm embedded/5.4 2016q3/bin/../lib/gcc/arm-none-eabi/5.4.1/armv6-m\libgcc.a(fixdfsi.o)
                              c:/program files (x86)/gnu tools arm embedded/5.4 2016q3/bin/../lib/gcc/arm-none-eabi/5.4.1/armv6-m\libgcc.a(_fixunsdfsi.o) (__aeabi_d2iz)
c:/program files (x86)/gnu tools arm embedded/5.4 2016q3/bin/../lib/gcc/arm-none-eabi/5.4.1/armv6-m\libgcc.a(floatsidf.o)
                              build/bh1730.o (__aeabi_i2d)
c:/program files (x86)/gnu tools arm embedded/5.4 2016q3/bin/../lib/gcc/arm-none-eabi/5.4.1/armv6-m\libgcc.a(floatunsidf.o)
                              build/bh1730.o (__aeabi_ui2d)
[...]
Memory Configuration

Name             Origin             Length             Attributes
RAM              0x20000000         0x00002000         xrw
FLASH            0x08000000         0x00010000         xr
*default*        0x00000000         0xffffffff

Linker script and memory map

LOAD c:/program files (x86)/gnu tools arm embedded/5.4 2016q3/bin/../lib/gcc/arm-none-eabi/5.4.1/armv6-m/crti.o
LOAD c:/program files (x86)/gnu tools arm embedded/5.4 2016q3/bin/../lib/gcc/arm-none-eabi/5.4.1/armv6-m/crtbegin.o
LOAD c:/program files (x86)/gnu tools arm embedded/5.4 2016q3/bin/../lib/gcc/arm-none-eabi/5.4.1/../../../../arm-none-eabi/lib/armv6-m/crt0.o
LOAD build/main.o
LOAD build/stm32f0xx_it.o
LOAD build/stm32f0xx_hal_msp.o
LOAD build/stm32f0xx_hal_tim.o
LOAD build/stm32f0xx_hal_tim_ex.o
LOAD build/stm32f0xx_hal_rcc.o
LOAD build/stm32f0xx_hal_rcc_ex.o
LOAD build/stm32f0xx_hal.o
LOAD build/stm32f0xx_hal_i2c.o
LOAD build/stm32f0xx_hal_i2c_ex.o
LOAD build/stm32f0xx_hal_gpio.o
LOAD build/stm32f0xx_hal_dma.o
LOAD build/stm32f0xx_hal_cortex.o
LOAD build/stm32f0xx_hal_pwr.o
LOAD build/stm32f0xx_hal_pwr_ex.o
LOAD build/stm32f0xx_hal_flash.o
LOAD build/stm32f0xx_hal_flash_ex.o
LOAD build/system_stm32f0xx.o
LOAD build/gpio.o
LOAD build/i2c.o
LOAD build/oled.o
LOAD build/max44009.o
LOAD build/dma.o
LOAD build/bh1730.o
LOAD build/stm32f0xx_hal_exti.o
LOAD build/startup_stm32f030x8.o
LOAD c:/program files (x86)/gnu tools arm embedded/5.4 2016q3/bin/../lib/gcc/arm-none-eabi/5.4.1/../../../../arm-none-eabi/lib/armv6-m\libc_nano.a
LOAD c:/program files (x86)/gnu tools arm embedded/5.4 2016q3/bin/../lib/gcc/arm-none-eabi/5.4.1/../../../../arm-none-eabi/lib/armv6-m\libm.a
LOAD c:/program files (x86)/gnu tools arm embedded/5.4 2016q3/bin/../lib/gcc/arm-none-eabi/5.4.1/../../../../arm-none-eabi/lib/armv6-m\libnosys.a
START GROUP
LOAD c:/program files (x86)/gnu tools arm embedded/5.4 2016q3/bin/../lib/gcc/arm-none-eabi/5.4.1/armv6-m\libgcc.a
LOAD c:/program files (x86)/gnu tools arm embedded/5.4 2016q3/bin/../lib/gcc/arm-none-eabi/5.4.1/../../../../arm-none-eabi/lib/armv6-m\libc_nano.a
END GROUP
START GROUP
LOAD c:/program files (x86)/gnu tools arm embedded/5.4 2016q3/bin/../lib/gcc/arm-none-eabi/5.4.1/armv6-m\libgcc.a
LOAD c:/program files (x86)/gnu tools arm embedded/5.4 2016q3/bin/../lib/gcc/arm-none-eabi/5.4.1/../../../../arm-none-eabi/lib/armv6-m\libc_nano.a
END GROUP
LOAD c:/program files (x86)/gnu tools arm embedded/5.4 2016q3/bin/../lib/gcc/arm-none-eabi/5.4.1/armv6-m/crtend.o
LOAD c:/program files (x86)/gnu tools arm embedded/5.4 2016q3/bin/../lib/gcc/arm-none-eabi/5.4.1/armv6-m/crtn.o
                0x20002000                _estack = 0x20002000
                0x00000200                _Min_Heap_Size = 0x200
                0x00000400                _Min_Stack_Size = 0x400

.isr_vector     0x08000000       0xc0
                0x08000000                . = ALIGN (0x4)
 *(.isr_vector)
 .isr_vector    0x08000000       0xc0 build/startup_stm32f030x8.o
                0x08000000                g_pfnVectors
                0x080000c0                . = ALIGN (0x4)

.text           0x080000c0     0x339c
                0x080000c0                . = ALIGN (0x4)
 *(.text)
 .text          0x080000c0       0x60 c:/program files (x86)/gnu tools arm embedded/5.4 2016q3/bin/../lib/gcc/arm-none-eabi/5.4.1/armv6-m/crtbegin.o
 .text          0x08000120      0x114 c:/program files (x86)/gnu tools arm embedded/5.4 2016q3/bin/../lib/gcc/arm-none-eabi/5.4.1/armv6-m\libgcc.a(_udivsi3.o)
                0x08000120                __aeabi_uidiv
                0x08000120                __udivsi3
                0x0800022c                __aeabi_uidivmod
 .text          0x08000234        0x4 c:/program files (x86)/gnu tools arm embedded/5.4 2016q3/bin/../lib/gcc/arm-none-eabi/5.4.1/armv6-m\libgcc.a(_dvmd_tls.o)
                0x08000234                __aeabi_idiv0
                0x08000234                __aeabi_ldiv0
 .text          0x08000238       0x7c c:/program files (x86)/gnu tools arm embedded/5.4 2016q3/bin/../lib/gcc/arm-none-eabi/5.4.1/armv6-m\libgcc.a(_arm_cmpdf2.o)
                0x08000238                __aeabi_cdrcmple
                0x08000248                __aeabi_cdcmple
                0x08000248                __aeabi_cdcmpeq
                0x08000258                __aeabi_dcmpeq
                0x08000264                __aeabi_dcmplt
                0x08000278                __aeabi_dcmple
                0x0800028c                __aeabi_dcmpgt
                0x080002a0                __aeabi_dcmpge
 .text          0x080002b4       0x3c c:/program files (x86)/gnu tools arm embedded/5.4 2016q3/bin/../lib/gcc/arm-none-eabi/5.4.1/armv6-m\libgcc.a(_fixunsdfsi.o)
                0x080002b4                __aeabi_d2uiz
                0x080002b4                __fixunsdfsi
 .text          0x080002f0      0x62c c:/program files (x86)/gnu tools arm embedded/5.4 2016q3/bin/../lib/gcc/arm-none-eabi/5.4.1/armv6-m\libgcc.a(divdf3.o)
                0x080002f0                __aeabi_ddiv
 .text          0x0800091c       0x80 c:/program files (x86)/gnu tools arm embedded/5.4 2016q3/bin/../lib/gcc/arm-none-eabi/5.4.1/armv6-m\libgcc.a(eqdf2.o)
                0x0800091c                __nedf2
                0x0800091c                __eqdf2
 .text          0x0800099c       0xc8 c:/program files (x86)/gnu tools arm embedded/5.4 2016q3/bin/../lib/gcc/arm-none-eabi/5.4.1/armv6-m\libgcc.a(gedf2.o)
                0x0800099c                __gedf2
                0x0800099c                __gtdf2
 .text          0x08000a64       0xd4 c:/program files (x86)/gnu tools arm embedded/5.4 2016q3/bin/../lib/gcc/arm-none-eabi/5.4.1/armv6-m\libgcc.a(ledf2.o)
                0x08000a64                __ledf2
                0x08000a64                __ltdf2
 .text          0x08000b38      0x4f4 c:/program files (x86)/gnu tools arm embedded/5.4 2016q3/bin/../lib/gcc/arm-none-eabi/5.4.1/armv6-m\libgcc.a(muldf3.o)
                0x08000b38                __aeabi_dmul
 .text          0x0800102c      0x6a8 c:/program files (x86)/gnu tools arm embedded/5.4 2016q3/bin/../lib/gcc/arm-none-eabi/5.4.1/armv6-m\libgcc.a(subdf3.o)
                0x0800102c                __aeabi_dsub
 .text          0x080016d4       0x6c c:/program files (x86)/gnu tools arm embedded/5.4 2016q3/bin/../lib/gcc/arm-none-eabi/5.4.1/armv6-m\libgcc.a(fixdfsi.o)
                0x080016d4                __aeabi_d2iz
 .text          0x08001740       0x84 c:/program files (x86)/gnu tools arm embedded/5.4 2016q3/bin/../lib/gcc/arm-none-eabi/5.4.1/armv6-m\libgcc.a(floatsidf.o)
                0x08001740                __aeabi_i2d
 .text          0x080017c4       0x70 c:/program files (x86)/gnu tools arm embedded/5.4 2016q3/bin/../lib/gcc/arm-none-eabi/5.4.1/armv6-m\libgcc.a(floatunsidf.o)
                0x080017c4                __aeabi_ui2d
 .text          0x08001834       0x3c c:/program files (x86)/gnu tools arm embedded/5.4 2016q3/bin/../lib/gcc/arm-none-eabi/5.4.1/armv6-m\libgcc.a(_clzsi2.o)
                0x08001834                __clzsi2
 *(.text*)
 .text.Error_Handler
                0x08001870       0x3c build/main.o
                0x08001870                Error_Handler
 .text.SystemClock_Config
                0x080018ac       0x64 build/main.o
                0x080018ac                SystemClock_Config
 .text.main     0x08001910       0x5c build/main.o
                0x08001910                main
 .text.NMI_Handler
                0x0800196c        0x4 build/stm32f0xx_it.o
                0x0800196c                NMI_Handler
 .text.HardFault_Handler
                0x08001970        0x4 build/stm32f0xx_it.o
                0x08001970                HardFault_Handler
 .text.SVC_Handler
                0x08001974        0x4 build/stm32f0xx_it.o
                0x08001974                SVC_Handler
 .text.PendSV_Handler
                0x08001978        0x4 build/stm32f0xx_it.o
                0x08001978                PendSV_Handler
 .text.SysTick_Handler
                0x0800197c        0x8 build/stm32f0xx_it.o
                0x0800197c                SysTick_Handler
 .text.EXTI4_15_IRQHandler
                0x08001984        0x4 build/stm32f0xx_it.o
                0x08001984                EXTI4_15_IRQHandler
 .text.HAL_MspInit
                0x08001988       0x30 build/stm32f0xx_hal_msp.o
                0x08001988                HAL_MspInit
 .text.HAL_RCC_OscConfig
                0x080019b8      0x4c8 build/stm32f0xx_hal_rcc.o
                0x080019b8                HAL_RCC_OscConfig
 .text.HAL_RCC_EnableCSS
                0x08001e80       0x14 build/stm32f0xx_hal_rcc.o
                0x08001e80                HAL_RCC_EnableCSS
 .text.HAL_RCC_GetSysClockFreq
                0x08001e94       0x68 build/stm32f0xx_hal_rcc.o
                0x08001e94                HAL_RCC_GetSysClockFreq
 .text.HAL_RCC_ClockConfig
                0x08001efc      0x134 build/stm32f0xx_hal_rcc.o
                0x08001efc                HAL_RCC_ClockConfig
 .text.HAL_InitTick
                0x08002030       0x4c build/stm32f0xx_hal.o
                0x08002030                HAL_InitTick
 .text.HAL_Init
                0x0800207c       0x20 build/stm32f0xx_hal.o
                0x0800207c                HAL_Init
 .text.HAL_IncTick
                0x0800209c       0x18 build/stm32f0xx_hal.o
                0x0800209c                HAL_IncTick
 .text.HAL_GetTick
                0x080020b4        0xc build/stm32f0xx_hal.o
                0x080020b4                HAL_GetTick
 .text.HAL_Delay
                0x080020c0       0x24 build/stm32f0xx_hal.o
                0x080020c0                HAL_Delay
 .text.I2C_Flush_TXDR
                0x080020e4       0x20 build/stm32f0xx_hal_i2c.o
 .text.I2C_TransferConfig
                0x08002104       0x30 build/stm32f0xx_hal_i2c.o
 .text.I2C_IsAcknowledgeFailed
                0x08002134       0x94 build/stm32f0xx_hal_i2c.o
 .text.I2C_WaitOnTXISFlagUntilTimeout
                0x080021c8       0x54 build/stm32f0xx_hal_i2c.o
 .text.I2C_WaitOnFlagUntilTimeout
                0x0800221c       0x50 build/stm32f0xx_hal_i2c.o
 .text.I2C_WaitOnSTOPFlagUntilTimeout
                0x0800226c       0x50 build/stm32f0xx_hal_i2c.o
 .text.I2C_WaitOnRXNEFlagUntilTimeout
                0x080022bc       0x88 build/stm32f0xx_hal_i2c.o
 .text.HAL_I2C_Init
                0x08002344       0xc8 build/stm32f0xx_hal_i2c.o
                0x08002344                HAL_I2C_Init
 .text.HAL_I2C_Master_Transmit
                0x0800240c      0x16c build/stm32f0xx_hal_i2c.o
                0x0800240c                HAL_I2C_Master_Transmit
 .text.HAL_I2C_Master_Receive
                0x08002578      0x16c build/stm32f0xx_hal_i2c.o
                0x08002578                HAL_I2C_Master_Receive
 .text.HAL_I2CEx_ConfigAnalogFilter
                0x080026e4       0x58 build/stm32f0xx_hal_i2c_ex.o
                0x080026e4                HAL_I2CEx_ConfigAnalogFilter
 .text.HAL_I2CEx_ConfigDigitalFilter
                0x0800273c       0x54 build/stm32f0xx_hal_i2c_ex.o
                0x0800273c                HAL_I2CEx_ConfigDigitalFilter
 .text.HAL_GPIO_Init
                0x08002790      0x184 build/stm32f0xx_hal_gpio.o
                0x08002790                HAL_GPIO_Init
 .text.HAL_GPIO_WritePin
                0x08002914        0xc build/stm32f0xx_hal_gpio.o
                0x08002914                HAL_GPIO_WritePin
 .text.HAL_NVIC_SetPriority
                0x08002920       0x64 build/stm32f0xx_hal_cortex.o
                0x08002920                HAL_NVIC_SetPriority
 .text.HAL_SYSTICK_Config
                0x08002984       0x38 build/stm32f0xx_hal_cortex.o
                0x08002984                HAL_SYSTICK_Config
 .text.SystemInit
                0x080029bc       0x60 build/system_stm32f0xx.o
                0x080029bc                SystemInit
 .text.MX_GPIO_Init
                0x08002a1c      0x13c build/gpio.o
                0x08002a1c                MX_GPIO_Init
 .text.MX_I2C2_Init
                0x08002b58       0x58 build/i2c.o
                0x08002b58                MX_I2C2_Init
 .text.HAL_I2C_MspInit
                0x08002bb0       0x6c build/i2c.o
                0x08002bb0                HAL_I2C_MspInit
 .text.I2C_Start
                0x08002c1c       0x34 build/oled.o
                0x08002c1c                I2C_Start
 .text.I2C_Stop
                0x08002c50       0x28 build/oled.o
                0x08002c50                I2C_Stop
 .text.I2C_WaitAck
                0x08002c78       0x28 build/oled.o
                0x08002c78                I2C_WaitAck
 .text.Send_Byte
                0x08002ca0       0x4c build/oled.o
                0x08002ca0                Send_Byte
 .text.OLED_WR_Byte
                0x08002cec       0x3c build/oled.o
                0x08002cec                OLED_WR_Byte
 .text.OLED_Refresh
                0x08002d28       0x7c build/oled.o
                0x08002d28                OLED_Refresh
 .text.OLED_Clear
                0x08002da4       0x34 build/oled.o
                0x08002da4                OLED_Clear
 .text.OLED_DrawPoint
                0x08002dd8       0x40 build/oled.o
                0x08002dd8                OLED_DrawPoint
 .text.OLED_ShowChar
                0x08002e18      0x128 build/oled.o
                0x08002e18                OLED_ShowChar
 .text.OLED_ShowString
                0x08002f40       0x40 build/oled.o
                0x08002f40                OLED_ShowString
 .text.OLED_Pow
                0x08002f80       0x14 build/oled.o
                0x08002f80                OLED_Pow
 .text.OLED_ShowNum
                0x08002f94       0x90 build/oled.o
                0x08002f94                OLED_ShowNum
 .text.OLED_Init
                0x08003024       0xf8 build/oled.o
                0x08003024                OLED_Init
 .text.BH1730_WriteReg
                0x0800311c       0x28 build/bh1730.o
 .text.BH1730_ReadReg
                0x08003144       0x40 build/bh1730.o
 .text.BH1730_GetLux
                0x08003184      0x1fc build/bh1730.o
                0x08003184                BH1730_GetLux
 .text.Reset_Handler
                0x08003380       0x50 build/startup_stm32f030x8.o
                0x08003380                Reset_Handler
 .text.Default_Handler
                0x080033d0        0x2 build/startup_stm32f030x8.o
                0x080033d0                TIM1_CC_IRQHandler
                0x080033d0                TIM6_IRQHandler
                0x080033d0                I2C1_IRQHandler
                0x080033d0                SPI1_IRQHandler
                0x080033d0                EXTI2_3_IRQHandler
                0x080033d0                ADC1_IRQHandler
                0x080033d0                I2C2_IRQHandler
                0x080033d0                TIM17_IRQHandler
                0x080033d0                RTC_IRQHandler
                0x080033d0                TIM16_IRQHandler
                0x080033d0                TIM3_IRQHandler
                0x080033d0                RCC_IRQHandler
                0x080033d0                DMA1_Channel1_IRQHandler
                0x080033d0                Default_Handler
                0x080033d0                TIM14_IRQHandler
                0x080033d0                DMA1_Channel4_5_IRQHandler
                0x080033d0                TIM15_IRQHandler
                0x080033d0                EXTI0_1_IRQHandler
                0x080033d0                SPI2_IRQHandler
                0x080033d0                WWDG_IRQHandler
                0x080033d0                DMA1_Channel2_3_IRQHandler
                0x080033d0                USART2_IRQHandler
                0x080033d0                FLASH_IRQHandler
                0x080033d0                USART1_IRQHandler
                0x080033d0                TIM1_BRK_UP_TRG_COM_IRQHandler
 *fill*         0x080033d2        0x2 
 .text.__libc_init_array
                0x080033d4       0x4c c:/program files (x86)/gnu tools arm embedded/5.4 2016q3/bin/../lib/gcc/arm-none-eabi/5.4.1/../../../../arm-none-eabi/lib/armv6-m\libc_nano.a(lib_a-init.o)
                0x080033d4                __libc_init_array
 .text.memcpy   0x08003420       0x12 c:/program files (x86)/gnu tools arm embedded/5.4 2016q3/bin/../lib/gcc/arm-none-eabi/5.4.1/../../../../arm-none-eabi/lib/armv6-m\libc_nano.a(lib_a-memcpy-stub.o)
                0x08003420                memcpy
 .text.memset   0x08003432       0x10 c:/program files (x86)/gnu tools arm embedded/5.4 2016q3/bin/../lib/gcc/arm-none-eabi/5.4.1/../../../../arm-none-eabi/lib/armv6-m\libc_nano.a(lib_a-memset.o)
                0x08003432                memset
 *(.glue_7)
 .glue_7        0x08003442        0x0 linker stubs
 *(.glue_7t)
 .glue_7t       0x08003442        0x0 linker stubs
 *(.eh_frame)
 *fill*         0x08003442        0x2 
 .eh_frame      0x08003444        0x0 c:/program files (x86)/gnu tools arm embedded/5.4 2016q3/bin/../lib/gcc/arm-none-eabi/5.4.1/armv6-m/crtbegin.o
 *(.init)
 .init          0x08003444        0x4 c:/program files (x86)/gnu tools arm embedded/5.4 2016q3/bin/../lib/gcc/arm-none-eabi/5.4.1/armv6-m/crti.o
                0x08003444                _init
 .init          0x08003448        0x8 c:/program files (x86)/gnu tools arm embedded/5.4 2016q3/bin/../lib/gcc/arm-none-eabi/5.4.1/armv6-m/crtn.o
 *(.fini)
 .fini          0x08003450        0x4 c:/program files (x86)/gnu tools arm embedded/5.4 2016q3/bin/../lib/gcc/arm-none-eabi/5.4.1/armv6-m/crti.o
                0x08003450                _fini
 .fini          0x08003454        0x8 c:/program files (x86)/gnu tools arm embedded/5.4 2016q3/bin/../lib/gcc/arm-none-eabi/5.4.1/armv6-m/crtn.o
                0x0800345c                . = ALIGN (0x4)
                0x0800345c                _etext = .

.vfp11_veneer   0x0800345c        0x0
 .vfp11_veneer  0x0800345c        0x0 linker stubs

.v4_bx          0x0800345c        0x0
 .v4_bx         0x0800345c        0x0 linker stubs

.iplt           0x0800345c        0x0
 .iplt          0x0800345c        0x0 c:/program files (x86)/gnu tools arm embedded/5.4 2016q3/bin/../lib/gcc/arm-none-eabi/5.4.1/armv6-m/crtbegin.o

.rodata         0x0800345c     0x1aa0
                0x0800345c                . = ALIGN (0x4)
 *(.rodata)
 .rodata        0x0800345c       0x20 build/stm32f0xx_hal_rcc.o
 .rodata        0x0800347c       0x40 c:/program files (x86)/gnu tools arm embedded/5.4 2016q3/bin/../lib/gcc/arm-none-eabi/5.4.1/armv6-m\libgcc.a(divdf3.o)
 .rodata        0x080034bc       0x40 c:/program files (x86)/gnu tools arm embedded/5.4 2016q3/bin/../lib/gcc/arm-none-eabi/5.4.1/armv6-m\libgcc.a(muldf3.o)
 *(.rodata*)
 .rodata.str1.4
                0x080034fc        0x8 build/main.o
                                  0x7 (size before relaxing)
 .rodata.AHBPrescTable
                0x08003504       0x10 build/system_stm32f0xx.o
                0x08003504                AHBPrescTable
 .rodata.asc2_2412
                0x08003514      0xd5c build/oled.o
                0x08003514                asc2_2412
 .rodata.asc2_0806
                0x08004270      0x228 build/oled.o
                0x08004270                asc2_0806
 .rodata.asc2_1206
                0x08004498      0x474 build/oled.o
                0x08004498                asc2_1206
 .rodata.asc2_1608
                0x0800490c      0x5f0 build/oled.o
                0x0800490c                asc2_1608
                0x08004efc                . = ALIGN (0x4)

.rel.dyn        0x08004efc        0x0
 .rel.iplt      0x08004efc        0x0 c:/program files (x86)/gnu tools arm embedded/5.4 2016q3/bin/../lib/gcc/arm-none-eabi/5.4.1/armv6-m/crtbegin.o

.ARM.extab
 *(.ARM.extab* .gnu.linkonce.armextab.*)

.ARM            0x08004efc        0x0
                0x08004efc                __exidx_start = .
 *(.ARM.exidx*)
                0x08004efc                __exidx_end = .

.preinit_array  0x08004efc        0x0
                0x08004efc                PROVIDE (__preinit_array_start, .)
 *(.preinit_array*)
                0x08004efc                PROVIDE (__preinit_array_end, .)

.init_array     0x08004efc        0x4
                0x08004efc                PROVIDE (__init_array_start, .)
 *(SORT(.init_array.*))
 *(.init_array*)
 .init_array    0x08004efc        0x4 c:/program files (x86)/gnu tools arm embedded/5.4 2016q3/bin/../lib/gcc/arm-none-eabi/5.4.1/armv6-m/crtbegin.o
                0x08004f00                PROVIDE (__init_array_end, .)

.fini_array     0x08004f00        0x4
                [!provide]                PROVIDE (__fini_array_start, .)
 *(SORT(.fini_array.*))
 *(.fini_array*)
 .fini_array    0x08004f00        0x4 c:/program files (x86)/gnu tools arm embedded/5.4 2016q3/bin/../lib/gcc/arm-none-eabi/5.4.1/armv6-m/crtbegin.o
                [!provide]                PROVIDE (__fini_array_end, .)
                0x08004f04                _sidata = LOADADDR (.data)

.data           0x20000000        0xc load address 0x08004f04
                0x20000000                . = ALIGN (0x4)
                0x20000000                _sdata = .
 *(.data)
 *(.data*)
 .data.uwTickPrio
                0x20000000        0x4 build/stm32f0xx_hal.o
                0x20000000                uwTickPrio
 .data.uwTickFreq
                0x20000004        0x1 build/stm32f0xx_hal.o
                0x20000004                uwTickFreq
 *fill*         0x20000005        0x3 
 .data.SystemCoreClock
                0x20000008        0x4 build/system_stm32f0xx.o
                0x20000008                SystemCoreClock
                0x2000000c                . = ALIGN (0x4)
                0x2000000c                _edata = .

.jcr            0x2000000c        0x0 load address 0x08004f10
 .jcr           0x2000000c        0x0 c:/program files (x86)/gnu tools arm embedded/5.4 2016q3/bin/../lib/gcc/arm-none-eabi/5.4.1/armv6-m/crtbegin.o

.igot.plt       0x2000000c        0x0 load address 0x08004f10
 .igot.plt      0x2000000c        0x0 c:/program files (x86)/gnu tools arm embedded/5.4 2016q3/bin/../lib/gcc/arm-none-eabi/5.4.1/armv6-m/crtbegin.o
                0x2000000c                . = ALIGN (0x4)

.bss            0x2000000c      0x2e4 load address 0x08004f10
                0x2000000c                _sbss = .
                0x2000000c                __bss_start__ = _sbss
 *(.bss)
 .bss           0x2000000c       0x1c c:/program files (x86)/gnu tools arm embedded/5.4 2016q3/bin/../lib/gcc/arm-none-eabi/5.4.1/armv6-m/crtbegin.o
 *(.bss*)
 *(COMMON)
 COMMON         0x20000028        0x4 build/stm32f0xx_hal.o
                0x20000028                uwTick
 COMMON         0x2000002c       0x4c build/i2c.o
                0x2000002c                hi2c2
 COMMON         0x20000078      0x275 build/oled.o
                0x20000078                x_low_offset
                0x2000007c                OLED_GRAM
                0x200002ec                x_high_offset
                0x200002f0                . = ALIGN (0x4)
 *fill*         0x200002ed        0x3 
                0x200002f0                _ebss = .
                0x200002f0                __bss_end__ = _ebss

._user_heap_stack
                0x200002f0      0x600 load address 0x08004f10
                0x200002f0                . = ALIGN (0x8)
                [!provide]                PROVIDE (end, .)
                [!provide]                PROVIDE (_end, .)
                0x200004f0                . = (. + _Min_Heap_Size)
 *fill*         0x200002f0      0x200 
                0x200008f0                . = (. + _Min_Stack_Size)
 *fill*         0x200004f0      0x400 
                0x200008f0                . = ALIGN (0x8)

/DISCARD/
 libc.a(*)
 libm.a(*)
 libgcc.a(*)

.ARM.attributes
                0x00000000       0x28
 *(.ARM.attributes)
 .ARM.attributes
                0x00000000       0x1e c:/program files (x86)/gnu tools arm embedded/5.4 2016q3/bin/../lib/gcc/arm-none-eabi/5.4.1/armv6-m/crti.o
 .ARM.attributes
                0x0000001e       0x2c c:/program files (x86)/gnu tools arm embedded/5.4 2016q3/bin/../lib/gcc/arm-none-eabi/5.4.1/armv6-m/crtbegin.o
 .ARM.attributes
                0x0000004a       0x31 build/main.o
 .ARM.attributes
                0x0000007b       0x31 build/stm32f0xx_it.o
 .ARM.attributes
                0x000000ac       0x31 build/stm32f0xx_hal_msp.o
 .ARM.attributes
                0x000000dd       0x31 build/stm32f0xx_hal_rcc.o
 .ARM.attributes
                0x0000010e       0x31 build/stm32f0xx_hal.o
 .ARM.attributes
                0x0000013f       0x31 build/stm32f0xx_hal_i2c.o
 .ARM.attributes
                0x00000170       0x31 build/stm32f0xx_hal_i2c_ex.o
 .ARM.attributes
                0x000001a1       0x31 build/stm32f0xx_hal_gpio.o
 .ARM.attributes
                0x000001d2       0x31 build/stm32f0xx_hal_cortex.o
 .ARM.attributes
                0x00000203       0x31 build/system_stm32f0xx.o
 .ARM.attributes
                0x00000234       0x31 build/gpio.o
 .ARM.attributes
                0x00000265       0x31 build/i2c.o
 .ARM.attributes
                0x00000296       0x31 build/oled.o
 .ARM.attributes
                0x000002c7       0x31 build/bh1730.o
 .ARM.attributes
                0x000002f8       0x21 build/startup_stm32f030x8.o
 .ARM.attributes
                0x00000319       0x2c c:/program files (x86)/gnu tools arm embedded/5.4 2016q3/bin/../lib/gcc/arm-none-eabi/5.4.1/../../../../arm-none-eabi/lib/armv6-m\libc_nano.a(lib_a-init.o)
 .ARM.attributes
                0x00000345       0x2c c:/program files (x86)/gnu tools arm embedded/5.4 2016q3/bin/../lib/gcc/arm-none-eabi/5.4.1/../../../../arm-none-eabi/lib/armv6-m\libc_nano.a(lib_a-memcpy-stub.o)
 .ARM.attributes
                0x00000371       0x2c c:/program files (x86)/gnu tools arm embedded/5.4 2016q3/bin/../lib/gcc/arm-none-eabi/5.4.1/../../../../arm-none-eabi/lib/armv6-m\libc_nano.a(lib_a-memset.o)
 .ARM.attributes
                0x0000039d       0x1e c:/program files (x86)/gnu tools arm embedded/5.4 2016q3/bin/../lib/gcc/arm-none-eabi/5.4.1/armv6-m\libgcc.a(_udivsi3.o)
 .ARM.attributes
                0x000003bb       0x1e c:/program files (x86)/gnu tools arm embedded/5.4 2016q3/bin/../lib/gcc/arm-none-eabi/5.4.1/armv6-m\libgcc.a(_dvmd_tls.o)
 .ARM.attributes
                0x000003d9       0x1e c:/program files (x86)/gnu tools arm embedded/5.4 2016q3/bin/../lib/gcc/arm-none-eabi/5.4.1/armv6-m\libgcc.a(_arm_cmpdf2.o)
 .ARM.attributes
                0x000003f7       0x2c c:/program files (x86)/gnu tools arm embedded/5.4 2016q3/bin/../lib/gcc/arm-none-eabi/5.4.1/armv6-m\libgcc.a(_fixunsdfsi.o)
 .ARM.attributes
                0x00000423       0x2c c:/program files (x86)/gnu tools arm embedded/5.4 2016q3/bin/../lib/gcc/arm-none-eabi/5.4.1/armv6-m\libgcc.a(divdf3.o)
 .ARM.attributes
                0x0000044f       0x2c c:/program files (x86)/gnu tools arm embedded/5.4 2016q3/bin/../lib/gcc/arm-none-eabi/5.4.1/armv6-m\libgcc.a(eqdf2.o)
 .ARM.attributes
                0x0000047b       0x2c c:/program files (x86)/gnu tools arm embedded/5.4 2016q3/bin/../lib/gcc/arm-none-eabi/5.4.1/armv6-m\libgcc.a(gedf2.o)
 .ARM.attributes
                0x000004a7       0x2c c:/program files (x86)/gnu tools arm embedded/5.4 2016q3/bin/../lib/gcc/arm-none-eabi/5.4.1/armv6-m\libgcc.a(ledf2.o)
 .ARM.attributes
                0x000004d3       0x2c c:/program files (x86)/gnu tools arm embedded/5.4 2016q3/bin/../lib/gcc/arm-none-eabi/5.4.1/armv6-m\libgcc.a(muldf3.o)
 .ARM.attributes
                0x000004ff       0x2c c:/program files (x86)/gnu tools arm embedded/5.4 2016q3/bin/../lib/gcc/arm-none-eabi/5.4.1/armv6-m\libgcc.a(subdf3.o)
 .ARM.attributes
                0x0000052b       0x2c c:/program files (x86)/gnu tools arm embedded/5.4 2016q3/bin/../lib/gcc/arm-none-eabi/5.4.1/armv6-m\libgcc.a(fixdfsi.o)
 .ARM.attributes
                0x00000557       0x2c c:/program files (x86)/gnu tools arm embedded/5.4 2016q3/bin/../lib/gcc/arm-none-eabi/5.4.1/armv6-m\libgcc.a(floatsidf.o)
 .ARM.attributes
                0x00000583       0x2c c:/program files (x86)/gnu tools arm embedded/5.4 2016q3/bin/../lib/gcc/arm-none-eabi/5.4.1/armv6-m\libgcc.a(floatunsidf.o)
 .ARM.attributes
                0x000005af       0x1e c:/program files (x86)/gnu tools arm embedded/5.4 2016q3/bin/../lib/gcc/arm-none-eabi/5.4.1/armv6-m\libgcc.a(_clzsi2.o)
 .ARM.attributes
                0x000005cd       0x1e c:/program files (x86)/gnu tools arm embedded/5.4 2016q3/bin/../lib/gcc/arm-none-eabi/5.4.1/armv6-m/crtn.o
OUTPUT(build/BH1730-dev.elf elf32-littlearm)

.debug_info     0x00000000     0x9d26
 .debug_info    0x00000000      0x617 build/main.o
 .debug_info    0x00000617      0x16a build/stm32f0xx_it.o
 .debug_info    0x00000781      0x1cb build/stm32f0xx_hal_msp.o
 .debug_info    0x0000094c      0xa9d build/stm32f0xx_hal_rcc.o
 .debug_info    0x000013e9      0x743 build/stm32f0xx_hal.o
 .debug_info    0x00001b2c     0x3b76 build/stm32f0xx_hal_i2c.o
 .debug_info    0x000056a2      0x880 build/stm32f0xx_hal_i2c_ex.o
 .debug_info    0x00005f22      0x634 build/stm32f0xx_hal_gpio.o
 .debug_info    0x00006556      0x7d8 build/stm32f0xx_hal_cortex.o
 .debug_info    0x00006d2e      0x26c build/system_stm32f0xx.o
 .debug_info    0x00006f9a      0x4d7 build/gpio.o
 .debug_info    0x00007471      0xa12 build/i2c.o
 .debug_info    0x00007e83     0x155c build/oled.o
 .debug_info    0x000093df      0x8fa build/bh1730.o
 .debug_info    0x00009cd9       0x4d build/startup_stm32f030x8.o

.debug_abbrev   0x00000000     0x1860
 .debug_abbrev  0x00000000      0x192 build/main.o
 .debug_abbrev  0x00000192       0xb4 build/stm32f0xx_it.o
 .debug_abbrev  0x00000246       0xb3 build/stm32f0xx_hal_msp.o
 .debug_abbrev  0x000002f9      0x270 build/stm32f0xx_hal_rcc.o
 .debug_abbrev  0x00000569      0x213 build/stm32f0xx_hal.o
 .debug_abbrev  0x0000077c      0x27d build/stm32f0xx_hal_i2c.o
 .debug_abbrev  0x000009f9      0x1a9 build/stm32f0xx_hal_i2c_ex.o
 .debug_abbrev  0x00000ba2      0x20f build/stm32f0xx_hal_gpio.o
 .debug_abbrev  0x00000db1      0x252 build/stm32f0xx_hal_cortex.o
 .debug_abbrev  0x00001003       0xf2 build/system_stm32f0xx.o
 .debug_abbrev  0x000010f5      0x145 build/gpio.o
 .debug_abbrev  0x0000123a      0x1bc build/i2c.o
 .debug_abbrev  0x000013f6      0x248 build/oled.o
 .debug_abbrev  0x0000163e      0x210 build/bh1730.o
 .debug_abbrev  0x0000184e       0x12 build/startup_stm32f030x8.o

.debug_loc      0x00000000     0x6d04
 .debug_loc     0x00000000       0x97 build/main.o
 .debug_loc     0x00000097       0x20 build/stm32f0xx_it.o
 .debug_loc     0x000000b7       0x20 build/stm32f0xx_hal_msp.o
 .debug_loc     0x000000d7      0x68d build/stm32f0xx_hal_rcc.o
 .debug_loc     0x00000764      0x1bb build/stm32f0xx_hal.o
 .debug_loc     0x0000091f     0x42bf build/stm32f0xx_hal_i2c.o
 .debug_loc     0x00004bde      0x21f build/stm32f0xx_hal_i2c_ex.o
 .debug_loc     0x00004dfd      0x311 build/stm32f0xx_hal_gpio.o
 .debug_loc     0x0000510e      0x3ff build/stm32f0xx_hal_cortex.o
 .debug_loc     0x0000550d      0x11e build/system_stm32f0xx.o
 .debug_loc     0x0000562b       0x2d build/gpio.o
 .debug_loc     0x00005658       0xb9 build/i2c.o
 .debug_loc     0x00005711     0x135a build/oled.o
 .debug_loc     0x00006a6b      0x299 build/bh1730.o

.debug_aranges  0x00000000      0x738
 .debug_aranges
                0x00000000       0x38 build/main.o
 .debug_aranges
                0x00000038       0x48 build/stm32f0xx_it.o
 .debug_aranges
                0x00000080       0x20 build/stm32f0xx_hal_msp.o
 .debug_aranges
                0x000000a0       0x80 build/stm32f0xx_hal_rcc.o
 .debug_aranges
                0x00000120       0xd0 build/stm32f0xx_hal.o
 .debug_aranges
                0x000001f0      0x290 build/stm32f0xx_hal_i2c.o
 .debug_aranges
                0x00000480       0x38 build/stm32f0xx_hal_i2c_ex.o
 .debug_aranges
                0x000004b8       0x58 build/stm32f0xx_hal_gpio.o
 .debug_aranges
                0x00000510       0x78 build/stm32f0xx_hal_cortex.o
 .debug_aranges
                0x00000588       0x28 build/system_stm32f0xx.o
 .debug_aranges
                0x000005b0       0x20 build/gpio.o
 .debug_aranges
                0x000005d0       0x30 build/i2c.o
 .debug_aranges
                0x00000600       0xd0 build/oled.o
 .debug_aranges
                0x000006d0       0x40 build/bh1730.o
 .debug_aranges
                0x00000710       0x28 build/startup_stm32f030x8.o

.debug_ranges   0x00000000      0x668
 .debug_ranges  0x00000000       0x28 build/main.o
 .debug_ranges  0x00000028       0x38 build/stm32f0xx_it.o
 .debug_ranges  0x00000060       0x10 build/stm32f0xx_hal_msp.o
 .debug_ranges  0x00000070       0x88 build/stm32f0xx_hal_rcc.o
 .debug_ranges  0x000000f8       0xc0 build/stm32f0xx_hal.o
 .debug_ranges  0x000001b8      0x280 build/stm32f0xx_hal_i2c.o
 .debug_ranges  0x00000438       0x28 build/stm32f0xx_hal_i2c_ex.o
 .debug_ranges  0x00000460       0x48 build/stm32f0xx_hal_gpio.o
 .debug_ranges  0x000004a8       0x68 build/stm32f0xx_hal_cortex.o
 .debug_ranges  0x00000510       0x18 build/system_stm32f0xx.o
 .debug_ranges  0x00000528       0x10 build/gpio.o
 .debug_ranges  0x00000538       0x20 build/i2c.o
 .debug_ranges  0x00000558       0xc0 build/oled.o
 .debug_ranges  0x00000618       0x30 build/bh1730.o
 .debug_ranges  0x00000648       0x20 build/startup_stm32f030x8.o

.debug_line     0x00000000     0x38d3
 .debug_line    0x00000000      0x25d build/main.o
 .debug_line    0x0000025d      0x19a build/stm32f0xx_it.o
 .debug_line    0x000003f7      0x151 build/stm32f0xx_hal_msp.o
 .debug_line    0x00000548      0x4c4 build/stm32f0xx_hal_rcc.o
 .debug_line    0x00000a0c      0x3b3 build/stm32f0xx_hal.o
 .debug_line    0x00000dbf     0x154f build/stm32f0xx_hal_i2c.o
 .debug_line    0x0000230e      0x284 build/stm32f0xx_hal_i2c_ex.o
 .debug_line    0x00002592      0x2de build/stm32f0xx_hal_gpio.o
 .debug_line    0x00002870      0x2f4 build/stm32f0xx_hal_cortex.o
 .debug_line    0x00002b64      0x17e build/system_stm32f0xx.o
 .debug_line    0x00002ce2      0x1a4 build/gpio.o
 .debug_line    0x00002e86      0x227 build/i2c.o
 .debug_line    0x000030ad      0x587 build/oled.o
 .debug_line    0x00003634      0x228 build/bh1730.o
 .debug_line    0x0000385c       0x77 build/startup_stm32f030x8.o

.debug_str      0x00000000     0x1f6b
 .debug_str     0x00000000      0x3ce build/main.o
                                0x414 (size before relaxing)
 .debug_str     0x000003ce       0x99 build/stm32f0xx_it.o
                                0x1f7 (size before relaxing)
 .debug_str     0x00000467       0x7e build/stm32f0xx_hal_msp.o
                                0x1d4 (size before relaxing)
 .debug_str     0x000004e5      0x28c build/stm32f0xx_hal_rcc.o
                                0x62e (size before relaxing)
 .debug_str     0x00000771      0x3e7 build/stm32f0xx_hal.o
                                0x66c (size before relaxing)
 .debug_str     0x00000b58      0xcea build/stm32f0xx_hal_i2c.o
                                0xf4f (size before relaxing)
 .debug_str     0x00001842       0xdd build/stm32f0xx_hal_i2c_ex.o
                                0x786 (size before relaxing)
 .debug_str     0x0000191f       0xe7 build/stm32f0xx_hal_gpio.o
                                0x3d4 (size before relaxing)
 .debug_str     0x00001a06      0x292 build/stm32f0xx_hal_cortex.o
                                0x5c5 (size before relaxing)
 .debug_str     0x00001c98       0x57 build/system_stm32f0xx.o
                                0x23e (size before relaxing)
 .debug_str     0x00001cef       0x1b build/gpio.o
                                0x28c (size before relaxing)
 .debug_str     0x00001d0a       0x1a build/i2c.o
                                0x7ac (size before relaxing)
 .debug_str     0x00001d24      0x1cd build/oled.o
                                0x3e5 (size before relaxing)
 .debug_str     0x00001ef1       0x7a build/bh1730.o
                                0x6e9 (size before relaxing)

.comment        0x00000000       0x6e
 .comment       0x00000000       0x6e build/main.o
                                 0x6f (size before relaxing)
 .comment       0x0000006e       0x6f build/stm32f0xx_it.o
 .comment       0x0000006e       0x6f build/stm32f0xx_hal_msp.o
 .comment       0x0000006e       0x6f build/stm32f0xx_hal_rcc.o
 .comment       0x0000006e       0x6f build/stm32f0xx_hal.o
 .comment       0x0000006e       0x6f build/stm32f0xx_hal_i2c.o
 .comment       0x0000006e       0x6f build/stm32f0xx_hal_i2c_ex.o
 .comment       0x0000006e       0x6f build/stm32f0xx_hal_gpio.o
 .comment       0x0000006e       0x6f build/stm32f0xx_hal_cortex.o
 .comment       0x0000006e       0x6f build/system_stm32f0xx.o
 .comment       0x0000006e       0x6f build/gpio.o
 .comment       0x0000006e       0x6f build/i2c.o
 .comment       0x0000006e       0x6f build/oled.o
 .comment       0x0000006e       0x6f build/bh1730.o

.debug_frame    0x00000000     0x1770
 .debug_frame   0x00000000       0x78 build/main.o
 .debug_frame   0x00000078       0x7c build/stm32f0xx_it.o
 .debug_frame   0x000000f4       0x24 build/stm32f0xx_hal_msp.o
 .debug_frame   0x00000118      0x154 build/stm32f0xx_hal_rcc.o
 .debug_frame   0x0000026c      0x1c0 build/stm32f0xx_hal.o
 .debug_frame   0x0000042c      0x994 build/stm32f0xx_hal_i2c.o
 .debug_frame   0x00000dc0       0x90 build/stm32f0xx_hal_i2c_ex.o
 .debug_frame   0x00000e50       0xd4 build/stm32f0xx_hal_gpio.o
 .debug_frame   0x00000f24       0xec build/stm32f0xx_hal_cortex.o
 .debug_frame   0x00001010       0x3c build/system_stm32f0xx.o
 .debug_frame   0x0000104c       0x38 build/gpio.o
 .debug_frame   0x00001084       0x64 build/i2c.o
 .debug_frame   0x000010e8      0x33c build/oled.o
 .debug_frame   0x00001424       0xb0 build/bh1730.o
 .debug_frame   0x000014d4       0x2c c:/program files (x86)/gnu tools arm embedded/5.4 2016q3/bin/../lib/gcc/arm-none-eabi/5.4.1/../../../../arm-none-eabi/lib/armv6-m\libc_nano.a(lib_a-init.o)
 .debug_frame   0x00001500       0x28 c:/program files (x86)/gnu tools arm embedded/5.4 2016q3/bin/../lib/gcc/arm-none-eabi/5.4.1/../../../../arm-none-eabi/lib/armv6-m\libc_nano.a(lib_a-memcpy-stub.o)
 .debug_frame   0x00001528       0x20 c:/program files (x86)/gnu tools arm embedded/5.4 2016q3/bin/../lib/gcc/arm-none-eabi/5.4.1/../../../../arm-none-eabi/lib/armv6-m\libc_nano.a(lib_a-memset.o)
 .debug_frame   0x00001548       0x20 c:/program files (x86)/gnu tools arm embedded/5.4 2016q3/bin/../lib/gcc/arm-none-eabi/5.4.1/armv6-m\libgcc.a(_udivsi3.o)
 .debug_frame   0x00001568       0x2c c:/program files (x86)/gnu tools arm embedded/5.4 2016q3/bin/../lib/gcc/arm-none-eabi/5.4.1/armv6-m\libgcc.a(_fixunsdfsi.o)
 .debug_frame   0x00001594       0x3c c:/program files (x86)/gnu tools arm embedded/5.4 2016q3/bin/../lib/gcc/arm-none-eabi/5.4.1/armv6-m\libgcc.a(divdf3.o)
 .debug_frame   0x000015d0       0x38 c:/program files (x86)/gnu tools arm embedded/5.4 2016q3/bin/../lib/gcc/arm-none-eabi/5.4.1/armv6-m\libgcc.a(eqdf2.o)
 .debug_frame   0x00001608       0x38 c:/program files (x86)/gnu tools arm embedded/5.4 2016q3/bin/../lib/gcc/arm-none-eabi/5.4.1/armv6-m\libgcc.a(gedf2.o)
 .debug_frame   0x00001640       0x38 c:/program files (x86)/gnu tools arm embedded/5.4 2016q3/bin/../lib/gcc/arm-none-eabi/5.4.1/armv6-m\libgcc.a(ledf2.o)
 .debug_frame   0x00001678       0x3c c:/program files (x86)/gnu tools arm embedded/5.4 2016q3/bin/../lib/gcc/arm-none-eabi/5.4.1/armv6-m\libgcc.a(muldf3.o)
 .debug_frame   0x000016b4       0x38 c:/program files (x86)/gnu tools arm embedded/5.4 2016q3/bin/../lib/gcc/arm-none-eabi/5.4.1/armv6-m\libgcc.a(subdf3.o)
 .debug_frame   0x000016ec       0x2c c:/program files (x86)/gnu tools arm embedded/5.4 2016q3/bin/../lib/gcc/arm-none-eabi/5.4.1/armv6-m\libgcc.a(fixdfsi.o)
 .debug_frame   0x00001718       0x2c c:/program files (x86)/gnu tools arm embedded/5.4 2016q3/bin/../lib/gcc/arm-none-eabi/5.4.1/armv6-m\libgcc.a(floatsidf.o)
 .debug_frame   0x00001744       0x2c c:/program files (x86)/gnu tools arm embedded/5.4 2016q3/bin/../lib/gcc/arm-none-eabi/5.4.1/armv6-m\libgcc.a(floatunsidf.o)

Cross Reference Table

Symbol                                            File
ADC1_IRQHandler                                   build/startup_stm32f030x8.o
AHBPrescTable                                     build/system_stm32f0xx.o
                                                  build/stm32f0xx_hal_rcc.o
APBPrescTable                                     build/system_stm32f0xx.o
                                                  build/stm32f0xx_hal_rcc.o
BH1730_GetLux                                     build/bh1730.o
                                                  build/main.o
BH1730_init                                       build/bh1730.o
DMA1_Channel1_IRQHandler                          build/startup_stm32f030x8.o
DMA1_Channel2_3_IRQHandler                        build/startup_stm32f030x8.o
DMA1_Channel4_5_IRQHandler                        build/startup_stm32f030x8.o
Default_Handler                                   build/startup_stm32f030x8.o
EXTI0_1_IRQHandler                                build/startup_stm32f030x8.o
EXTI2_3_IRQHandler                                build/startup_stm32f030x8.o
EXTI4_15_IRQHandler                               build/stm32f0xx_it.o
Error_Handler                                     build/main.o
                                                  build/i2c.o
FLASH_IRQHandler                                  build/startup_stm32f030x8.o
FLASH_PageErase                                   build/stm32f0xx_hal_flash_ex.o
                                                  build/stm32f0xx_hal_flash.o
FLASH_WaitForLastOperation                        build/stm32f0xx_hal_flash.o
                                                  build/stm32f0xx_hal_flash_ex.o
HAL_DBGMCU_DisableDBGStandbyMode                  build/stm32f0xx_hal.o
HAL_DBGMCU_DisableDBGStopMode                     build/stm32f0xx_hal.o
HAL_DBGMCU_EnableDBGStandbyMode                   build/stm32f0xx_hal.o
HAL_DBGMCU_EnableDBGStopMode                      build/stm32f0xx_hal.o
HAL_DMA_Abort                                     build/stm32f0xx_hal_dma.o
HAL_DMA_Abort_IT                                  build/stm32f0xx_hal_dma.o
                                                  build/stm32f0xx_hal_i2c.o
HAL_DMA_DeInit                                    build/stm32f0xx_hal_dma.o
HAL_DMA_GetError                                  build/stm32f0xx_hal_dma.o
HAL_DMA_GetState                                  build/stm32f0xx_hal_dma.o
                                                  build/stm32f0xx_hal_i2c.o
HAL_DMA_IRQHandler                                build/stm32f0xx_hal_dma.o
HAL_DMA_Init                                      build/stm32f0xx_hal_dma.o
HAL_DMA_PollForTransfer                           build/stm32f0xx_hal_dma.o
HAL_DMA_RegisterCallback                          build/stm32f0xx_hal_dma.o
HAL_DMA_Start                                     build/stm32f0xx_hal_dma.o
HAL_DMA_Start_IT                                  build/stm32f0xx_hal_dma.o
                                                  build/stm32f0xx_hal_i2c.o
HAL_DMA_UnRegisterCallback                        build/stm32f0xx_hal_dma.o
HAL_DeInit                                        build/stm32f0xx_hal.o
HAL_Delay                                         build/stm32f0xx_hal.o
                                                  build/main.o
HAL_EXTI_ClearConfigLine                          build/stm32f0xx_hal_exti.o
HAL_EXTI_ClearPending                             build/stm32f0xx_hal_exti.o
HAL_EXTI_GenerateSWI                              build/stm32f0xx_hal_exti.o
HAL_EXTI_GetConfigLine                            build/stm32f0xx_hal_exti.o
HAL_EXTI_GetHandle                                build/stm32f0xx_hal_exti.o
HAL_EXTI_GetPending                               build/stm32f0xx_hal_exti.o
HAL_EXTI_IRQHandler                               build/stm32f0xx_hal_exti.o
HAL_EXTI_RegisterCallback                         build/stm32f0xx_hal_exti.o
HAL_EXTI_SetConfigLine                            build/stm32f0xx_hal_exti.o
HAL_FLASHEx_Erase                                 build/stm32f0xx_hal_flash_ex.o
HAL_FLASHEx_Erase_IT                              build/stm32f0xx_hal_flash_ex.o
HAL_FLASHEx_OBErase                               build/stm32f0xx_hal_flash_ex.o
HAL_FLASHEx_OBGetConfig                           build/stm32f0xx_hal_flash_ex.o
HAL_FLASHEx_OBGetUserData                         build/stm32f0xx_hal_flash_ex.o
HAL_FLASHEx_OBProgram                             build/stm32f0xx_hal_flash_ex.o
HAL_FLASH_EndOfOperationCallback                  build/stm32f0xx_hal_flash.o
HAL_FLASH_GetError                                build/stm32f0xx_hal_flash.o
HAL_FLASH_IRQHandler                              build/stm32f0xx_hal_flash.o
HAL_FLASH_Lock                                    build/stm32f0xx_hal_flash.o
HAL_FLASH_OB_Launch                               build/stm32f0xx_hal_flash.o
HAL_FLASH_OB_Lock                                 build/stm32f0xx_hal_flash.o
HAL_FLASH_OB_Unlock                               build/stm32f0xx_hal_flash.o
HAL_FLASH_OperationErrorCallback                  build/stm32f0xx_hal_flash.o
HAL_FLASH_Program                                 build/stm32f0xx_hal_flash.o
HAL_FLASH_Program_IT                              build/stm32f0xx_hal_flash.o
HAL_FLASH_Unlock                                  build/stm32f0xx_hal_flash.o
HAL_GPIO_DeInit                                   build/stm32f0xx_hal_gpio.o
                                                  build/i2c.o
HAL_GPIO_EXTI_Callback                            build/main.o
HAL_GPIO_EXTI_IRQHandler                          build/stm32f0xx_hal_gpio.o
HAL_GPIO_Init                                     build/stm32f0xx_hal_gpio.o
                                                  build/i2c.o
                                                  build/gpio.o
                                                  build/stm32f0xx_hal_rcc.o
HAL_GPIO_LockPin                                  build/stm32f0xx_hal_gpio.o
HAL_GPIO_ReadPin                                  build/stm32f0xx_hal_gpio.o
HAL_GPIO_TogglePin                                build/stm32f0xx_hal_gpio.o
HAL_GPIO_WritePin                                 build/stm32f0xx_hal_gpio.o
                                                  build/oled.o
                                                  build/gpio.o
                                                  build/main.o
HAL_GetDEVID                                      build/stm32f0xx_hal.o
HAL_GetHalVersion                                 build/stm32f0xx_hal.o
HAL_GetREVID                                      build/stm32f0xx_hal.o
HAL_GetTick                                       build/stm32f0xx_hal.o
                                                  build/stm32f0xx_hal_flash.o
                                                  build/stm32f0xx_hal_dma.o
                                                  build/stm32f0xx_hal_i2c.o
                                                  build/stm32f0xx_hal_rcc_ex.o
                                                  build/stm32f0xx_hal_rcc.o
HAL_GetTickFreq                                   build/stm32f0xx_hal.o
HAL_GetTickPrio                                   build/stm32f0xx_hal.o
HAL_GetUIDw0                                      build/stm32f0xx_hal.o
HAL_GetUIDw1                                      build/stm32f0xx_hal.o
HAL_GetUIDw2                                      build/stm32f0xx_hal.o
HAL_I2CEx_ConfigAnalogFilter                      build/stm32f0xx_hal_i2c_ex.o
                                                  build/i2c.o
HAL_I2CEx_ConfigDigitalFilter                     build/stm32f0xx_hal_i2c_ex.o
                                                  build/i2c.o
HAL_I2CEx_DisableFastModePlus                     build/stm32f0xx_hal_i2c_ex.o
HAL_I2CEx_EnableFastModePlus                      build/stm32f0xx_hal_i2c_ex.o
HAL_I2C_AbortCpltCallback                         build/stm32f0xx_hal_i2c.o
HAL_I2C_AddrCallback                              build/stm32f0xx_hal_i2c.o
HAL_I2C_DeInit                                    build/stm32f0xx_hal_i2c.o
HAL_I2C_DisableListen_IT                          build/stm32f0xx_hal_i2c.o
HAL_I2C_ER_IRQHandler                             build/stm32f0xx_hal_i2c.o
HAL_I2C_EV_IRQHandler                             build/stm32f0xx_hal_i2c.o
HAL_I2C_EnableListen_IT                           build/stm32f0xx_hal_i2c.o
HAL_I2C_ErrorCallback                             build/stm32f0xx_hal_i2c.o
HAL_I2C_GetError                                  build/stm32f0xx_hal_i2c.o
HAL_I2C_GetMode                                   build/stm32f0xx_hal_i2c.o
HAL_I2C_GetState                                  build/stm32f0xx_hal_i2c.o
HAL_I2C_Init                                      build/stm32f0xx_hal_i2c.o
                                                  build/i2c.o
HAL_I2C_IsDeviceReady                             build/stm32f0xx_hal_i2c.o
HAL_I2C_ListenCpltCallback                        build/stm32f0xx_hal_i2c.o
HAL_I2C_MasterRxCpltCallback                      build/stm32f0xx_hal_i2c.o
HAL_I2C_MasterTxCpltCallback                      build/stm32f0xx_hal_i2c.o
HAL_I2C_Master_Abort_IT                           build/stm32f0xx_hal_i2c.o
HAL_I2C_Master_Receive                            build/stm32f0xx_hal_i2c.o
                                                  build/bh1730.o
                                                  build/max44009.o
HAL_I2C_Master_Receive_DMA                        build/stm32f0xx_hal_i2c.o
HAL_I2C_Master_Receive_IT                         build/stm32f0xx_hal_i2c.o
HAL_I2C_Master_Seq_Receive_DMA                    build/stm32f0xx_hal_i2c.o
HAL_I2C_Master_Seq_Receive_IT                     build/stm32f0xx_hal_i2c.o
HAL_I2C_Master_Seq_Transmit_DMA                   build/stm32f0xx_hal_i2c.o
HAL_I2C_Master_Seq_Transmit_IT                    build/stm32f0xx_hal_i2c.o
HAL_I2C_Master_Transmit                           build/stm32f0xx_hal_i2c.o
                                                  build/bh1730.o
                                                  build/max44009.o
HAL_I2C_Master_Transmit_DMA                       build/stm32f0xx_hal_i2c.o
HAL_I2C_Master_Transmit_IT                        build/stm32f0xx_hal_i2c.o
HAL_I2C_MemRxCpltCallback                         build/stm32f0xx_hal_i2c.o
HAL_I2C_MemTxCpltCallback                         build/stm32f0xx_hal_i2c.o
HAL_I2C_Mem_Read                                  build/stm32f0xx_hal_i2c.o
HAL_I2C_Mem_Read_DMA                              build/stm32f0xx_hal_i2c.o
HAL_I2C_Mem_Read_IT                               build/stm32f0xx_hal_i2c.o
HAL_I2C_Mem_Write                                 build/stm32f0xx_hal_i2c.o
HAL_I2C_Mem_Write_DMA                             build/stm32f0xx_hal_i2c.o
HAL_I2C_Mem_Write_IT                              build/stm32f0xx_hal_i2c.o
HAL_I2C_MspDeInit                                 build/i2c.o
                                                  build/stm32f0xx_hal_i2c.o
HAL_I2C_MspInit                                   build/i2c.o
                                                  build/stm32f0xx_hal_i2c.o
HAL_I2C_SlaveRxCpltCallback                       build/stm32f0xx_hal_i2c.o
HAL_I2C_SlaveTxCpltCallback                       build/stm32f0xx_hal_i2c.o
HAL_I2C_Slave_Receive                             build/stm32f0xx_hal_i2c.o
HAL_I2C_Slave_Receive_DMA                         build/stm32f0xx_hal_i2c.o
HAL_I2C_Slave_Receive_IT                          build/stm32f0xx_hal_i2c.o
HAL_I2C_Slave_Seq_Receive_DMA                     build/stm32f0xx_hal_i2c.o
HAL_I2C_Slave_Seq_Receive_IT                      build/stm32f0xx_hal_i2c.o
HAL_I2C_Slave_Seq_Transmit_DMA                    build/stm32f0xx_hal_i2c.o
HAL_I2C_Slave_Seq_Transmit_IT                     build/stm32f0xx_hal_i2c.o
HAL_I2C_Slave_Transmit                            build/stm32f0xx_hal_i2c.o
HAL_I2C_Slave_Transmit_DMA                        build/stm32f0xx_hal_i2c.o
HAL_I2C_Slave_Transmit_IT                         build/stm32f0xx_hal_i2c.o
HAL_IncTick                                       build/stm32f0xx_hal.o
                                                  build/stm32f0xx_it.o
HAL_Init                                          build/stm32f0xx_hal.o
                                                  build/main.o
HAL_InitTick                                      build/stm32f0xx_hal.o
                                                  build/stm32f0xx_hal_rcc.o
HAL_MspDeInit                                     build/stm32f0xx_hal.o
HAL_MspInit                                       build/stm32f0xx_hal_msp.o
HAL_NVIC_ClearPendingIRQ                          build/stm32f0xx_hal_cortex.o
HAL_NVIC_DisableIRQ                               build/stm32f0xx_hal_cortex.o
HAL_NVIC_EnableIRQ                                build/stm32f0xx_hal_cortex.o
                                                  build/dma.o
HAL_NVIC_GetPendingIRQ                            build/stm32f0xx_hal_cortex.o
HAL_NVIC_GetPriority                              build/stm32f0xx_hal_cortex.o
HAL_NVIC_SetPendingIRQ                            build/stm32f0xx_hal_cortex.o
HAL_NVIC_SetPriority                              build/stm32f0xx_hal_cortex.o
                                                  build/dma.o
                                                  build/stm32f0xx_hal.o
HAL_NVIC_SystemReset                              build/stm32f0xx_hal_cortex.o
HAL_PWR_DeInit                                    build/stm32f0xx_hal_pwr.o
HAL_PWR_DisableBkUpAccess                         build/stm32f0xx_hal_pwr.o
HAL_PWR_DisableSEVOnPend                          build/stm32f0xx_hal_pwr.o
HAL_PWR_DisableSleepOnExit                        build/stm32f0xx_hal_pwr.o
HAL_PWR_DisableWakeUpPin                          build/stm32f0xx_hal_pwr.o
HAL_PWR_EnableBkUpAccess                          build/stm32f0xx_hal_pwr.o
HAL_PWR_EnableSEVOnPend                           build/stm32f0xx_hal_pwr.o
HAL_PWR_EnableSleepOnExit                         build/stm32f0xx_hal_pwr.o
HAL_PWR_EnableWakeUpPin                           build/stm32f0xx_hal_pwr.o
HAL_PWR_EnterSLEEPMode                            build/stm32f0xx_hal_pwr.o
HAL_PWR_EnterSTANDBYMode                          build/stm32f0xx_hal_pwr.o
HAL_PWR_EnterSTOPMode                             build/stm32f0xx_hal_pwr.o
HAL_RCCEx_GetPeriphCLKConfig                      build/stm32f0xx_hal_rcc_ex.o
HAL_RCCEx_GetPeriphCLKFreq                        build/stm32f0xx_hal_rcc_ex.o
HAL_RCCEx_PeriphCLKConfig                         build/stm32f0xx_hal_rcc_ex.o
HAL_RCC_CSSCallback                               build/stm32f0xx_hal_rcc.o
HAL_RCC_ClockConfig                               build/stm32f0xx_hal_rcc.o
                                                  build/main.o
HAL_RCC_DeInit                                    build/stm32f0xx_hal_rcc.o
HAL_RCC_DisableCSS                                build/stm32f0xx_hal_rcc.o
HAL_RCC_EnableCSS                                 build/stm32f0xx_hal_rcc.o
                                                  build/main.o
HAL_RCC_GetClockConfig                            build/stm32f0xx_hal_rcc.o
HAL_RCC_GetHCLKFreq                               build/stm32f0xx_hal_rcc.o
HAL_RCC_GetOscConfig                              build/stm32f0xx_hal_rcc.o
HAL_RCC_GetPCLK1Freq                              build/stm32f0xx_hal_rcc.o
                                                  build/stm32f0xx_hal_rcc_ex.o
HAL_RCC_GetSysClockFreq                           build/stm32f0xx_hal_rcc.o
                                                  build/stm32f0xx_hal_rcc_ex.o
HAL_RCC_MCOConfig                                 build/stm32f0xx_hal_rcc.o
HAL_RCC_NMI_IRQHandler                            build/stm32f0xx_hal_rcc.o
HAL_RCC_OscConfig                                 build/stm32f0xx_hal_rcc.o
                                                  build/main.o
HAL_ResumeTick                                    build/stm32f0xx_hal.o
HAL_SYSTICK_CLKSourceConfig                       build/stm32f0xx_hal_cortex.o
HAL_SYSTICK_Callback                              build/stm32f0xx_hal_cortex.o
HAL_SYSTICK_Config                                build/stm32f0xx_hal_cortex.o
                                                  build/stm32f0xx_hal.o
HAL_SYSTICK_IRQHandler                            build/stm32f0xx_hal_cortex.o
HAL_SetTickFreq                                   build/stm32f0xx_hal.o
HAL_SuspendTick                                   build/stm32f0xx_hal.o
HardFault_Handler                                 build/stm32f0xx_it.o
Hzk1                                              build/oled.o
Hzk2                                              build/oled.o
Hzk3                                              build/oled.o
Hzk4                                              build/oled.o
I2C1_IRQHandler                                   build/startup_stm32f030x8.o
I2C2_IRQHandler                                   build/startup_stm32f030x8.o
I2C_Start                                         build/oled.o
I2C_Stop                                          build/oled.o
I2C_WaitAck                                       build/oled.o
IIC_delay                                         build/oled.o
MAX44009_GetLux                                   build/max44009.o
MAX44009_INTDisable                               build/max44009.o
MAX44009_INTEnable                                build/max44009.o
MAX44009_INTStatus                                build/max44009.o
MAX44009_Init                                     build/max44009.o
MAX44009_SetModeAutomatic                         build/max44009.o
MAX44009_SetModeContinuous                        build/max44009.o
MAX44009_SetModeManual                            build/max44009.o
MAX44009_SetThrL                                  build/max44009.o
MAX44009_SetThrT                                  build/max44009.o
MAX44009_SetThrU                                  build/max44009.o
MX_DMA_Init                                       build/dma.o
MX_GPIO_Init                                      build/gpio.o
                                                  build/main.o
MX_I2C2_Init                                      build/i2c.o
                                                  build/main.o
NMI_Handler                                       build/stm32f0xx_it.o
OLED_Clear                                        build/oled.o
                                                  build/main.o
OLED_ColorTurn                                    build/oled.o
OLED_DisPlay_Off                                  build/oled.o
OLED_DisPlay_On                                   build/oled.o
OLED_DisplayTurn                                  build/oled.o
OLED_DrawCircle                                   build/oled.o
OLED_DrawLine                                     build/oled.o
OLED_DrawPoint                                    build/oled.o
OLED_GRAM                                         build/oled.o
OLED_Init                                         build/oled.o
                                                  build/main.o
OLED_Pow                                          build/oled.o
OLED_Refresh                                      build/oled.o
                                                  build/main.o
OLED_ScrollDisplay                                build/oled.o
OLED_ShowChar                                     build/oled.o
OLED_ShowChinese                                  build/oled.o
OLED_ShowNum                                      build/oled.o
                                                  build/main.o
OLED_ShowPicture                                  build/oled.o
OLED_ShowString                                   build/oled.o
                                                  build/main.o
OLED_WR_Byte                                      build/oled.o
PendSV_Handler                                    build/stm32f0xx_it.o
RCC_IRQHandler                                    build/startup_stm32f030x8.o
RTC_IRQHandler                                    build/startup_stm32f030x8.o
Reset_Handler                                     build/startup_stm32f030x8.o
SPI1_IRQHandler                                   build/startup_stm32f030x8.o
SPI2_IRQHandler                                   build/startup_stm32f030x8.o
SVC_Handler                                       build/stm32f0xx_it.o
Send_Byte                                         build/oled.o
SysTick_Handler                                   build/stm32f0xx_it.o
SystemClock_Config                                build/main.o
SystemCoreClock                                   build/system_stm32f0xx.o
                                                  build/stm32f0xx_hal.o
                                                  build/stm32f0xx_hal_rcc.o
SystemCoreClockUpdate                             build/system_stm32f0xx.o
SystemInit                                        build/system_stm32f0xx.o
                                                  build/startup_stm32f030x8.o
TIM14_IRQHandler                                  build/startup_stm32f030x8.o
TIM15_IRQHandler                                  build/startup_stm32f030x8.o
TIM16_IRQHandler                                  build/startup_stm32f030x8.o
TIM17_IRQHandler                                  build/startup_stm32f030x8.o
TIM1_BRK_UP_TRG_COM_IRQHandler                    build/startup_stm32f030x8.o
TIM1_CC_IRQHandler                                build/startup_stm32f030x8.o
TIM3_IRQHandler                                   build/startup_stm32f030x8.o
TIM6_IRQHandler                                   build/startup_stm32f030x8.o
USART1_IRQHandler                                 build/startup_stm32f030x8.o
USART2_IRQHandler                                 build/startup_stm32f030x8.o
WWDG_IRQHandler                                   build/startup_stm32f030x8.o
_Jv_RegisterClasses                               c:/program files (x86)/gnu tools arm embedded/5.4 2016q3/bin/../lib/gcc/arm-none-eabi/5.4.1/armv6-m/crtbegin.o
__aeabi_cdcmpeq                                   c:/program files (x86)/gnu tools arm embedded/5.4 2016q3/bin/../lib/gcc/arm-none-eabi/5.4.1/armv6-m\libgcc.a(_arm_cmpdf2.o)
__aeabi_cdcmple                                   c:/program files (x86)/gnu tools arm embedded/5.4 2016q3/bin/../lib/gcc/arm-none-eabi/5.4.1/armv6-m\libgcc.a(_arm_cmpdf2.o)
__aeabi_cdrcmple                                  c:/program files (x86)/gnu tools arm embedded/5.4 2016q3/bin/../lib/gcc/arm-none-eabi/5.4.1/armv6-m\libgcc.a(_arm_cmpdf2.o)
__aeabi_d2iz                                      c:/program files (x86)/gnu tools arm embedded/5.4 2016q3/bin/../lib/gcc/arm-none-eabi/5.4.1/armv6-m\libgcc.a(fixdfsi.o)
                                                  c:/program files (x86)/gnu tools arm embedded/5.4 2016q3/bin/../lib/gcc/arm-none-eabi/5.4.1/armv6-m\libgcc.a(_fixunsdfsi.o)
__aeabi_d2uiz                                     c:/program files (x86)/gnu tools arm embedded/5.4 2016q3/bin/../lib/gcc/arm-none-eabi/5.4.1/armv6-m\libgcc.a(_fixunsdfsi.o)
                                                  build/bh1730.o
__aeabi_dcmpeq                                    c:/program files (x86)/gnu tools arm embedded/5.4 2016q3/bin/../lib/gcc/arm-none-eabi/5.4.1/armv6-m\libgcc.a(_arm_cmpdf2.o)
__aeabi_dcmpge                                    c:/program files (x86)/gnu tools arm embedded/5.4 2016q3/bin/../lib/gcc/arm-none-eabi/5.4.1/armv6-m\libgcc.a(_arm_cmpdf2.o)
                                                  c:/program files (x86)/gnu tools arm embedded/5.4 2016q3/bin/../lib/gcc/arm-none-eabi/5.4.1/armv6-m\libgcc.a(_fixunsdfsi.o)
__aeabi_dcmpgt                                    c:/program files (x86)/gnu tools arm embedded/5.4 2016q3/bin/../lib/gcc/arm-none-eabi/5.4.1/armv6-m\libgcc.a(_arm_cmpdf2.o)
__aeabi_dcmple                                    c:/program files (x86)/gnu tools arm embedded/5.4 2016q3/bin/../lib/gcc/arm-none-eabi/5.4.1/armv6-m\libgcc.a(_arm_cmpdf2.o)
__aeabi_dcmplt                                    c:/program files (x86)/gnu tools arm embedded/5.4 2016q3/bin/../lib/gcc/arm-none-eabi/5.4.1/armv6-m\libgcc.a(_arm_cmpdf2.o)
                                                  build/bh1730.o
__aeabi_ddiv                                      c:/program files (x86)/gnu tools arm embedded/5.4 2016q3/bin/../lib/gcc/arm-none-eabi/5.4.1/armv6-m\libgcc.a(divdf3.o)
                                                  build/bh1730.o
__aeabi_dmul                                      c:/program files (x86)/gnu tools arm embedded/5.4 2016q3/bin/../lib/gcc/arm-none-eabi/5.4.1/armv6-m\libgcc.a(muldf3.o)
                                                  build/bh1730.o
__aeabi_dsub                                      c:/program files (x86)/gnu tools arm embedded/5.4 2016q3/bin/../lib/gcc/arm-none-eabi/5.4.1/armv6-m\libgcc.a(subdf3.o)
                                                  c:/program files (x86)/gnu tools arm embedded/5.4 2016q3/bin/../lib/gcc/arm-none-eabi/5.4.1/armv6-m\libgcc.a(_fixunsdfsi.o)
                                                  build/bh1730.o
__aeabi_i2d                                       c:/program files (x86)/gnu tools arm embedded/5.4 2016q3/bin/../lib/gcc/arm-none-eabi/5.4.1/armv6-m\libgcc.a(floatsidf.o)
                                                  build/bh1730.o
__aeabi_idiv0                                     c:/program files (x86)/gnu tools arm embedded/5.4 2016q3/bin/../lib/gcc/arm-none-eabi/5.4.1/armv6-m\libgcc.a(_dvmd_tls.o)
                                                  c:/program files (x86)/gnu tools arm embedded/5.4 2016q3/bin/../lib/gcc/arm-none-eabi/5.4.1/armv6-m\libgcc.a(_udivsi3.o)
__aeabi_ldiv0                                     c:/program files (x86)/gnu tools arm embedded/5.4 2016q3/bin/../lib/gcc/arm-none-eabi/5.4.1/armv6-m\libgcc.a(_dvmd_tls.o)
__aeabi_ui2d                                      c:/program files (x86)/gnu tools arm embedded/5.4 2016q3/bin/../lib/gcc/arm-none-eabi/5.4.1/armv6-m\libgcc.a(floatunsidf.o)
                                                  build/bh1730.o
__aeabi_uidiv                                     c:/program files (x86)/gnu tools arm embedded/5.4 2016q3/bin/../lib/gcc/arm-none-eabi/5.4.1/armv6-m\libgcc.a(_udivsi3.o)
                                                  c:/program files (x86)/gnu tools arm embedded/5.4 2016q3/bin/../lib/gcc/arm-none-eabi/5.4.1/armv6-m\libgcc.a(divdf3.o)
                                                  build/bh1730.o
                                                  build/oled.o
                                                  build/system_stm32f0xx.o
                                                  build/stm32f0xx_hal_dma.o
                                                  build/stm32f0xx_hal.o
                                                  build/stm32f0xx_hal_rcc.o
__aeabi_uidivmod                                  c:/program files (x86)/gnu tools arm embedded/5.4 2016q3/bin/../lib/gcc/arm-none-eabi/5.4.1/armv6-m\libgcc.a(_udivsi3.o)
                                                  c:/program files (x86)/gnu tools arm embedded/5.4 2016q3/bin/../lib/gcc/arm-none-eabi/5.4.1/armv6-m\libgcc.a(divdf3.o)
                                                  build/oled.o
__bss_end__                                       c:/program files (x86)/gnu tools arm embedded/5.4 2016q3/bin/../lib/gcc/arm-none-eabi/5.4.1/../../../../arm-none-eabi/lib/armv6-m/crt0.o
__bss_start__                                     c:/program files (x86)/gnu tools arm embedded/5.4 2016q3/bin/../lib/gcc/arm-none-eabi/5.4.1/../../../../arm-none-eabi/lib/armv6-m/crt0.o
__call_exitprocs                                  c:/program files (x86)/gnu tools arm embedded/5.4 2016q3/bin/../lib/gcc/arm-none-eabi/5.4.1/../../../../arm-none-eabi/lib/armv6-m\libc_nano.a(lib_a-exit.o)
__clzsi2                                          c:/program files (x86)/gnu tools arm embedded/5.4 2016q3/bin/../lib/gcc/arm-none-eabi/5.4.1/armv6-m\libgcc.a(_clzsi2.o)
                                                  c:/program files (x86)/gnu tools arm embedded/5.4 2016q3/bin/../lib/gcc/arm-none-eabi/5.4.1/armv6-m\libgcc.a(floatunsidf.o)
                                                  c:/program files (x86)/gnu tools arm embedded/5.4 2016q3/bin/../lib/gcc/arm-none-eabi/5.4.1/armv6-m\libgcc.a(floatsidf.o)
                                                  c:/program files (x86)/gnu tools arm embedded/5.4 2016q3/bin/../lib/gcc/arm-none-eabi/5.4.1/armv6-m\libgcc.a(subdf3.o)
                                                  c:/program files (x86)/gnu tools arm embedded/5.4 2016q3/bin/../lib/gcc/arm-none-eabi/5.4.1/armv6-m\libgcc.a(muldf3.o)
                                                  c:/program files (x86)/gnu tools arm embedded/5.4 2016q3/bin/../lib/gcc/arm-none-eabi/5.4.1/armv6-m\libgcc.a(divdf3.o)
__deregister_frame_info                           c:/program files (x86)/gnu tools arm embedded/5.4 2016q3/bin/../lib/gcc/arm-none-eabi/5.4.1/armv6-m/crtbegin.o
__dso_handle                                      c:/program files (x86)/gnu tools arm embedded/5.4 2016q3/bin/../lib/gcc/arm-none-eabi/5.4.1/armv6-m/crtbegin.o
__eqdf2                                           c:/program files (x86)/gnu tools arm embedded/5.4 2016q3/bin/../lib/gcc/arm-none-eabi/5.4.1/armv6-m\libgcc.a(eqdf2.o)
                                                  c:/program files (x86)/gnu tools arm embedded/5.4 2016q3/bin/../lib/gcc/arm-none-eabi/5.4.1/armv6-m\libgcc.a(_arm_cmpdf2.o)
__fixunsdfsi                                      c:/program files (x86)/gnu tools arm embedded/5.4 2016q3/bin/../lib/gcc/arm-none-eabi/5.4.1/armv6-m\libgcc.a(_fixunsdfsi.o)
__gedf2                                           c:/program files (x86)/gnu tools arm embedded/5.4 2016q3/bin/../lib/gcc/arm-none-eabi/5.4.1/armv6-m\libgcc.a(gedf2.o)
                                                  c:/program files (x86)/gnu tools arm embedded/5.4 2016q3/bin/../lib/gcc/arm-none-eabi/5.4.1/armv6-m\libgcc.a(_arm_cmpdf2.o)
__gtdf2                                           c:/program files (x86)/gnu tools arm embedded/5.4 2016q3/bin/../lib/gcc/arm-none-eabi/5.4.1/armv6-m\libgcc.a(gedf2.o)
__init_array_end                                  c:/program files (x86)/gnu tools arm embedded/5.4 2016q3/bin/../lib/gcc/arm-none-eabi/5.4.1/../../../../arm-none-eabi/lib/armv6-m\libc_nano.a(lib_a-init.o)
__init_array_start                                c:/program files (x86)/gnu tools arm embedded/5.4 2016q3/bin/../lib/gcc/arm-none-eabi/5.4.1/../../../../arm-none-eabi/lib/armv6-m\libc_nano.a(lib_a-init.o)
__ledf2                                           c:/program files (x86)/gnu tools arm embedded/5.4 2016q3/bin/../lib/gcc/arm-none-eabi/5.4.1/armv6-m\libgcc.a(ledf2.o)
                                                  c:/program files (x86)/gnu tools arm embedded/5.4 2016q3/bin/../lib/gcc/arm-none-eabi/5.4.1/armv6-m\libgcc.a(_arm_cmpdf2.o)
__libc_fini_array                                 c:/program files (x86)/gnu tools arm embedded/5.4 2016q3/bin/../lib/gcc/arm-none-eabi/5.4.1/../../../../arm-none-eabi/lib/armv6-m/crt0.o
__libc_init_array                                 c:/program files (x86)/gnu tools arm embedded/5.4 2016q3/bin/../lib/gcc/arm-none-eabi/5.4.1/../../../../arm-none-eabi/lib/armv6-m\libc_nano.a(lib_a-init.o)
                                                  build/startup_stm32f030x8.o
                                                  c:/program files (x86)/gnu tools arm embedded/5.4 2016q3/bin/../lib/gcc/arm-none-eabi/5.4.1/../../../../arm-none-eabi/lib/armv6-m/crt0.o
__ltdf2                                           c:/program files (x86)/gnu tools arm embedded/5.4 2016q3/bin/../lib/gcc/arm-none-eabi/5.4.1/armv6-m\libgcc.a(ledf2.o)
__nedf2                                           c:/program files (x86)/gnu tools arm embedded/5.4 2016q3/bin/../lib/gcc/arm-none-eabi/5.4.1/armv6-m\libgcc.a(eqdf2.o)
__preinit_array_end                               c:/program files (x86)/gnu tools arm embedded/5.4 2016q3/bin/../lib/gcc/arm-none-eabi/5.4.1/../../../../arm-none-eabi/lib/armv6-m\libc_nano.a(lib_a-init.o)
__preinit_array_start                             c:/program files (x86)/gnu tools arm embedded/5.4 2016q3/bin/../lib/gcc/arm-none-eabi/5.4.1/../../../../arm-none-eabi/lib/armv6-m\libc_nano.a(lib_a-init.o)
__register_frame_info                             c:/program files (x86)/gnu tools arm embedded/5.4 2016q3/bin/../lib/gcc/arm-none-eabi/5.4.1/armv6-m/crtbegin.o
__sf_fake_stderr                                  c:/program files (x86)/gnu tools arm embedded/5.4 2016q3/bin/../lib/gcc/arm-none-eabi/5.4.1/../../../../arm-none-eabi/lib/armv6-m\libc_nano.a(lib_a-impure.o)
__sf_fake_stdin                                   c:/program files (x86)/gnu tools arm embedded/5.4 2016q3/bin/../lib/gcc/arm-none-eabi/5.4.1/../../../../arm-none-eabi/lib/armv6-m\libc_nano.a(lib_a-impure.o)
__sf_fake_stdout                                  c:/program files (x86)/gnu tools arm embedded/5.4 2016q3/bin/../lib/gcc/arm-none-eabi/5.4.1/../../../../arm-none-eabi/lib/armv6-m\libc_nano.a(lib_a-impure.o)
__stack                                           c:/program files (x86)/gnu tools arm embedded/5.4 2016q3/bin/../lib/gcc/arm-none-eabi/5.4.1/../../../../arm-none-eabi/lib/armv6-m/crt0.o
__udivsi3                                         c:/program files (x86)/gnu tools arm embedded/5.4 2016q3/bin/../lib/gcc/arm-none-eabi/5.4.1/armv6-m\libgcc.a(_udivsi3.o)
_ebss                                             build/startup_stm32f030x8.o
_edata                                            build/startup_stm32f030x8.o
_estack                                           build/startup_stm32f030x8.o
_exit                                             c:/program files (x86)/gnu tools arm embedded/5.4 2016q3/bin/../lib/gcc/arm-none-eabi/5.4.1/../../../../arm-none-eabi/lib/armv6-m\libnosys.a(_exit.o)
                                                  c:/program files (x86)/gnu tools arm embedded/5.4 2016q3/bin/../lib/gcc/arm-none-eabi/5.4.1/../../../../arm-none-eabi/lib/armv6-m\libc_nano.a(lib_a-exit.o)
_fini                                             c:/program files (x86)/gnu tools arm embedded/5.4 2016q3/bin/../lib/gcc/arm-none-eabi/5.4.1/armv6-m/crti.o
_global_impure_ptr                                c:/program files (x86)/gnu tools arm embedded/5.4 2016q3/bin/../lib/gcc/arm-none-eabi/5.4.1/../../../../arm-none-eabi/lib/armv6-m\libc_nano.a(lib_a-impure.o)
                                                  c:/program files (x86)/gnu tools arm embedded/5.4 2016q3/bin/../lib/gcc/arm-none-eabi/5.4.1/../../../../arm-none-eabi/lib/armv6-m\libc_nano.a(lib_a-exit.o)
_impure_ptr                                       c:/program files (x86)/gnu tools arm embedded/5.4 2016q3/bin/../lib/gcc/arm-none-eabi/5.4.1/../../../../arm-none-eabi/lib/armv6-m\libc_nano.a(lib_a-impure.o)
_init                                             c:/program files (x86)/gnu tools arm embedded/5.4 2016q3/bin/../lib/gcc/arm-none-eabi/5.4.1/armv6-m/crti.o
                                                  c:/program files (x86)/gnu tools arm embedded/5.4 2016q3/bin/../lib/gcc/arm-none-eabi/5.4.1/../../../../arm-none-eabi/lib/armv6-m\libc_nano.a(lib_a-init.o)
_mainCRTStartup                                   c:/program files (x86)/gnu tools arm embedded/5.4 2016q3/bin/../lib/gcc/arm-none-eabi/5.4.1/../../../../arm-none-eabi/lib/armv6-m/crt0.o
_sbss                                             build/startup_stm32f030x8.o
_sdata                                            build/startup_stm32f030x8.o
_sidata                                           build/startup_stm32f030x8.o
_start                                            c:/program files (x86)/gnu tools arm embedded/5.4 2016q3/bin/../lib/gcc/arm-none-eabi/5.4.1/../../../../arm-none-eabi/lib/armv6-m/crt0.o
asc2_0806                                         build/oled.o
asc2_1206                                         build/oled.o
asc2_1608                                         build/oled.o
asc2_2412                                         build/oled.o
atexit                                            c:/program files (x86)/gnu tools arm embedded/5.4 2016q3/bin/../lib/gcc/arm-none-eabi/5.4.1/../../../../arm-none-eabi/lib/armv6-m/crt0.o
exit                                              c:/program files (x86)/gnu tools arm embedded/5.4 2016q3/bin/../lib/gcc/arm-none-eabi/5.4.1/../../../../arm-none-eabi/lib/armv6-m\libc_nano.a(lib_a-exit.o)
                                                  c:/program files (x86)/gnu tools arm embedded/5.4 2016q3/bin/../lib/gcc/arm-none-eabi/5.4.1/../../../../arm-none-eabi/lib/armv6-m/crt0.o
g_pfnVectors                                      build/startup_stm32f030x8.o
hardware_init_hook                                c:/program files (x86)/gnu tools arm embedded/5.4 2016q3/bin/../lib/gcc/arm-none-eabi/5.4.1/../../../../arm-none-eabi/lib/armv6-m/crt0.o
hi2c2                                             build/i2c.o
                                                  build/bh1730.o
                                                  build/max44009.o
main                                              build/main.o
                                                  build/startup_stm32f030x8.o
                                                  c:/program files (x86)/gnu tools arm embedded/5.4 2016q3/bin/../lib/gcc/arm-none-eabi/5.4.1/../../../../arm-none-eabi/lib/armv6-m/crt0.o
memcpy                                            c:/program files (x86)/gnu tools arm embedded/5.4 2016q3/bin/../lib/gcc/arm-none-eabi/5.4.1/../../../../arm-none-eabi/lib/armv6-m\libc_nano.a(lib_a-memcpy-stub.o)
                                                  build/stm32f0xx_hal_rcc.o
memset                                            c:/program files (x86)/gnu tools arm embedded/5.4 2016q3/bin/../lib/gcc/arm-none-eabi/5.4.1/../../../../arm-none-eabi/lib/armv6-m\libc_nano.a(lib_a-memset.o)
                                                  build/i2c.o
                                                  build/gpio.o
                                                  build/main.o
                                                  c:/program files (x86)/gnu tools arm embedded/5.4 2016q3/bin/../lib/gcc/arm-none-eabi/5.4.1/../../../../arm-none-eabi/lib/armv6-m/crt0.o
pFlash                                            build/stm32f0xx_hal_flash.o
                                                  build/stm32f0xx_hal_flash_ex.o
setGain                                           build/bh1730.o
sleep_timer                                       build/stm32f0xx_it.o
software_init_hook                                c:/program files (x86)/gnu tools arm embedded/5.4 2016q3/bin/../lib/gcc/arm-none-eabi/5.4.1/../../../../arm-none-eabi/lib/armv6-m/crt0.o
timer3                                            build/stm32f0xx_it.o
uwTick                                            build/stm32f0xx_hal.o
uwTickFreq                                        build/stm32f0xx_hal.o
uwTickPrio                                        build/stm32f0xx_hal.o
                                                  build/stm32f0xx_hal_rcc.o
x_high_offset                                     build/oled.o
x_low_offset                                      build/oled.o
